[inst.eecs.berkeley.edu/_cs188/fa10/projects/search/search.html]
[backblue.gif]
[fade.gif]
[index.html]
[inst.eecs.berkeley.edu/_cs188/fa10/projects/search/projects.css]
[inst.eecs.berkeley.edu/_cs188/fa10/projects/search/maze.png]
[inst.eecs.berkeley.edu/_cs188/fa10/projects/search/search.zip]
[inst.eecs.berkeley.edu/_cs188/fa10/projects/search/docs/search.html]
[inst.eecs.berkeley.edu/_cs188/fa10/projects/search/docs/searchAgents.html]
[inst.eecs.berkeley.edu/_cs188/fa10/projects/search/docs/pacman.html]
[inst.eecs.berkeley.edu/_cs188/fa10/projects/search/docs/game.html]
[inst.eecs.berkeley.edu/_cs188/fa10/projects/search/docs/util.html]
[inst.eecs.berkeley.edu/_cs188/fa10/projects/search/docs/graphicsDisplay.html]
[inst.eecs.berkeley.edu/_cs188/fa10/projects/search/docs/graphicsUtils.html]
[inst.eecs.berkeley.edu/_cs188/fa10/projects/search/docs/textDisplay.html]
[inst.eecs.berkeley.edu/_cs188/fa10/projects/search/docs/ghostAgents.html]
[inst.eecs.berkeley.edu/_cs188/fa10/projects/search/docs/keyboardAgents.html]
[inst.eecs.berkeley.edu/_cs188/fa10/projects/search/docs/layout.html]
[inst.eecs.berkeley.edu/_cs188/fa10/projects/search/commands.txt]
[inst.eecs.berkeley.edu/_cs188/fa10/projects/search/search.html]
[inst.eecs.berkeley.edu/_cs188/fa10/projects/search/projects.css]
[inst.eecs.berkeley.edu/_cs188/fa10/projects/search/search.py]
[inst.eecs.berkeley.edu/_cs188/fa10/projects/search/docs/search.html]
[inst.eecs.berkeley.edu/_cs188/fa10/projects/search/searchAgents.py]
[inst.eecs.berkeley.edu/_cs188/fa10/projects/search/docs/searchAgents.html]
[inst.eecs.berkeley.edu/_cs188/fa10/projects/search/pacman.py]
[inst.eecs.berkeley.edu/_cs188/fa10/projects/search/docs/pacman.html]
[inst.eecs.berkeley.edu/_cs188/fa10/projects/search/game.py]
[inst.eecs.berkeley.edu/_cs188/fa10/projects/search/docs/game.html]
[inst.eecs.berkeley.edu/_cs188/fa10/projects/search/util.py]
[inst.eecs.berkeley.edu/_cs188/fa10/projects/search/docs/util.html]
[inst.eecs.berkeley.edu/_cs188/fa10/projects/search/graphicsDisplay.py]
[inst.eecs.berkeley.edu/_cs188/fa10/projects/search/docs/graphicsDisplay.html]
[inst.eecs.berkeley.edu/_cs188/fa10/projects/search/graphicsUtils.py]
[inst.eecs.berkeley.edu/_cs188/fa10/projects/search/docs/graphicsUtils.html]
[inst.eecs.berkeley.edu/_cs188/fa10/projects/search/textDisplay.py]
[inst.eecs.berkeley.edu/_cs188/fa10/projects/search/docs/textDisplay.html]
[inst.eecs.berkeley.edu/_cs188/fa10/projects/search/ghostAgents.py]
[inst.eecs.berkeley.edu/_cs188/fa10/projects/search/docs/ghostAgents.html]
[inst.eecs.berkeley.edu/_cs188/fa10/projects/search/keyboardAgents.py]
[inst.eecs.berkeley.edu/_cs188/fa10/projects/search/docs/keyboardAgents.html]
[inst.eecs.berkeley.edu/_cs188/fa10/projects/search/layout.py]
[inst.eecs.berkeley.edu/_cs188/fa10/projects/search/docs/layout.html]
[inst.eecs.berkeley.edu/_cs188/fa10/projects/search/layouts/mediumDottedMaze.html]
[inst.eecs.berkeley.edu/_cs188/fa10/projects/search/layouts/mediumScaryMaze.html]
[inst.eecs.berkeley.edu/_cs188/fa10/projects/search/layouts/tinyCorners.html]
[inst.eecs.berkeley.edu/_cs188/fa10/projects/search/layouts/mediumCorners.html]
[inst.eecs.berkeley.edu/_cs188/fa10/projects/search/layouts/testSearch.html]
[inst.eecs.berkeley.edu/_cs188/fa10/projects/search/layouts/tinySearch.html]
[inst.eecs.berkeley.edu/_cs188/fa10/projects/search/layouts/mediumSearch.html]
